// Jest Snapshot v1, https://goo.gl/fbAQLP

exports[`getPrototypeOf 0 should throw error for \`null\` or \`undefined\` 1`] = `"Cannot call method on undefined"`;

exports[`getPrototypeOf 0 should throw error for \`null\` or \`undefined\` 2`] = `"Cannot call method on undefined"`;

exports[`getPrototypeOf 0 should throw error for \`null\` or \`undefined\` 3`] = `"Cannot call method on null"`;

exports[`getPrototypeOf 1 should throw error for \`null\` or \`undefined\` 1`] = `"Cannot call method on undefined"`;

exports[`getPrototypeOf 1 should throw error for \`null\` or \`undefined\` 2`] = `"Cannot call method on undefined"`;

exports[`getPrototypeOf 1 should throw error for \`null\` or \`undefined\` 3`] = `"Cannot call method on null"`;
